* Detected CPU: GenuineIntel P3 family, F6/M10/S9, 2691.00 mhz, 29-clk 'rdtsc'
* CPU Features: RDTSC, MMX, SSE, SSE2

Initializing File System...
using fs-ltx fsgame.ltx
FS: 30121 files cached, 5158Kb memory used.
Init FileSystem 5.031284 sec
'X-Ray Engine' build 9752, Oct 20 2025

Initializing Engine...
Executing config-script "user.ltx"...
[d:\engine\sovahiblack-engine\game\appdata\user.ltx] successfully loaded.
Starting INPUT device...
Loading DLL: xrRender_R2.dll
Loading DLL: xrGame.dll
! Unable to find Software\GSC Game World\STALKER-SHOC\ in registry
* [win32]: free[4037584 K], reserved[60104 K], committed[96552 K]
* [ D3D ]: textures[0 K]
* [x-ray]: crt heap[9358 K], process heap[9358 K], game lua[0 K], engine lua[0 K], render[0 K]
* [x-ray]: economy: strings[2021 K], smem[0 K]
Executing config-script "d:\engine\sovahiblack-engine\game\resourcesogsm2.4.3\config\default_controls.ltx"...
! cant convert dik_name for dik[16], prop=[
! cant convert dik_name for dik[17], prop=[
! cant convert dik_name for dik[18], prop=[
! cant convert dik_name for dik[19], prop=[
! cant convert dik_name for dik[20], prop=[
! cant convert dik_name for dik[21], prop=[
! cant convert dik_name for dik[22], prop=[
! cant convert dik_name for dik[23], prop=[
! cant convert dik_name for dik[24], prop=[
! cant convert dik_name for dik[25], prop=[
! cant convert dik_name for dik[26], prop=[
! cant convert dik_name for dik[27], prop=[
! cant convert dik_name for dik[30], prop=[
! cant convert dik_name for dik[31], prop=[
! cant convert dik_name for dik[32], prop=[
! cant convert dik_name for dik[33], prop=[
! cant convert dik_name for dik[34], prop=[
! cant convert dik_name for dik[35], prop=[
! cant convert dik_name for dik[36], prop=[
! cant convert dik_name for dik[37], prop=[
! cant convert dik_name for dik[38], prop=[
! cant convert dik_name for dik[39], prop=[
! cant convert dik_name for dik[40], prop=[
! cant convert dik_name for dik[41], prop=[
! cant convert dik_name for dik[44], prop=[
! cant convert dik_name for dik[45], prop=[
! cant convert dik_name for dik[46], prop=[
! cant convert dik_name for dik[47], prop=[
! cant convert dik_name for dik[48], prop=[
! cant convert dik_name for dik[49], prop=[
! cant convert dik_name for dik[50], prop=[
! cant convert dik_name for dik[51], prop=[
! cant convert dik_name for dik[52], prop=[
! cant convert dik_name for dik[144], prop=[
[d:\engine\sovahiblack-engine\game\resourcesogsm2.4.3\config\default_controls.ltx] successfully loaded.
Executing config-script "user.ltx"...
Executing config-script "d:\engine\sovahiblack-engine\game\resourcesogsm2.4.3\config\rspec_extreme.ltx"...
! Unknown command:  r__dtex_range
! Unknown command:  r__ssa_glod_end
! Unknown command:  r__ssa_glod_start
! Unknown command:  r__wallmark_ttl
! Unknown command:  rs_detail
! Unknown command:  rs_skeleton_update
! Unknown command:  vid_bpp
[d:\engine\sovahiblack-engine\game\resourcesogsm2.4.3\config\rspec_extreme.ltx] successfully loaded.
Executing config-script "d:\engine\sovahiblack-engine\game\resourcesogsm2.4.3\config\default_controls.ltx"...
[d:\engine\sovahiblack-engine\game\resourcesogsm2.4.3\config\default_controls.ltx] successfully loaded.
[d:\engine\sovahiblack-engine\game\appdata\user.ltx] successfully loaded.
SOUND: OpenAL: enumerate devices...
SOUND: OpenAL: EnumerationExtension Present
devices Generic Software
SOUND: OpenAL: system  default SndDevice name is Generic Software
SOUND: OpenAL: All available devices:
1. Generic Software, Spec Version 1.1 (default)
SOUND: OpenAL: SelectBestDevice is Generic Software 1.1
SOUND: OpenAL: Required device: Generic Software. Created device: Generic Software.
* sound: EAX 2.0 extension: absent
* sound: EAX 2.0 deferred: absent
* sound : cache: 32773 kb, 3805 lines, 8820 bpl
Starting RENDER device...
* GPU [vendor:8086]-[device:152]: Intel(R) HD Graphics
* GPU driver: 10.18.10.4252
* CREATE: DeviceREF: 1
* Vertex Processor: PURE HARDWARE
*     Texture memory: 1775 M
*          DDI-level: 9.0
* GPU shading: vs(fffe0300/3.0/30), ps(ffff0300/3.0/30)
* GPU vertex cache: recognized, 32
* DVB created: 1536K
* DIB created: 512K
! Version conflict in shader 'def_shaders\def_aref'
! Version conflict in shader 'def_shaders\def_aref_v'
! Version conflict in shader 'def_shaders\def_trans'
! Version conflict in shader 'def_shaders\def_trans_v'
! Version conflict in shader 'def_shaders\def_trans_v_tuchi'
! Version conflict in shader 'def_shaders\lod_old'
! Renderer doesn't support blender 'effects\shadow_world'
! Version conflict in shader 'effects\watertest-1'
count of .thm files=6
load time=61 ms
* NULLRT supported
* ...and used
* HWDST/PCF supported and used
- r__tf_aniso 16
- r2_tf_mipbias 0.
Starting engine...
[16-9] get_xml_name for[ui_mp_icon_rank.xml] returns [ui_mp_icon_rank.xml]
[16-9] get_xml_name for[ui_icons_map.xml] returns [ui_icons_map.xml]
[16-9] get_xml_name for[ui_common.xml] returns [ui_common.xml]
[16-9] get_xml_name for[ui_old_textures.xml] returns [ui_old_textures.xml]
[16-9] get_xml_name for[ui_ingame.xml] returns [ui_ingame.xml]
[16-9] get_xml_name for[ui_map_description.xml] returns [ui_map_description.xml]
[16-9] get_xml_name for[ui_models_multiplayer.xml] returns [ui_models_multiplayer.xml]
[16-9] get_xml_name for[ui_team_logo.xml] returns [ui_team_logo.xml]
[16-9] get_xml_name for[ui_team_logo_small.xml] returns [ui_team_logo_small.xml]
[16-9] get_xml_name for[ui_mainmenu.xml] returns [ui_mainmenu.xml]
[16-9] get_xml_name for[ui_mp_main.xml] returns [ui_mp_main.xml]
[16-9] get_xml_name for[ui_statistics.xml] returns [ui_statistics.xml]
[16-9] get_xml_name for[ui_hud.xml] returns [ui_hud.xml]
[16-9] get_xml_name for[ui_numpad.xml] returns [ui_numpad.xml]
[16-9] get_xml_name for[ui_inventory.xml] returns [ui_inventory.xml]
[16-9] get_xml_name for[ui_inventory2.xml] returns [ui_inventory2.xml]
[16-9] get_xml_name for[ui_iconstotal.xml] returns [ui_iconstotal.xml]
[16-9] get_xml_name for[ui_pda.xml] returns [ui_pda.xml]
[16-9] get_xml_name for[ui_icons_npc.xml] returns [ui_icons_npc.xml]
[16-9] get_xml_name for[ui_npc_monster.xml] returns [ui_npc_monster.xml]
[16-9] get_xml_name for[ui_npc_unique.xml] returns [ui_npc_unique.xml]
[16-9] get_xml_name for[ui_buy_menu.xml] returns [ui_buy_menu.xml]
[16-9] get_xml_name for[ui_asus_intro.xml] returns [ui_asus_intro.xml]
[16-9] get_xml_name for[aem_ui_npc.xml] returns [aem_ui_npc.xml]
[16-9] get_xml_name for[color_defs.xml] returns [color_defs.xml]
[16-9] get_xml_name for[hint_item.xml] returns [hint_item.xml]
Loading DLL: xrGameSpy.dll
[16-9] get_xml_name for[message_box.xml] returns [message_box.xml]
[16-9] get_xml_name for[message_box.xml] returns [message_box.xml]
[16-9] get_xml_name for[message_box.xml] returns [message_box.xml]
[16-9] get_xml_name for[message_box.xml] returns [message_box.xml]
[16-9] get_xml_name for[message_box.xml] returns [message_box.xml]
[16-9] get_xml_name for[message_box.xml] returns [message_box.xml]
[16-9] get_xml_name for[message_box.xml] returns [message_box.xml]
[16-9] get_xml_name for[message_box.xml] returns [message_box.xml]
[16-9] get_xml_name for[message_box.xml] returns [message_box.xml]
[16-9] get_xml_name for[message_box.xml] returns [message_box.xml]
[16-9] get_xml_name for[message_box.xml] returns [message_box.xml]
[16-9] get_xml_name for[message_box.xml] returns [message_box.xml]
[16-9] get_xml_name for[message_box.xml] returns [message_box.xml]
[16-9] get_xml_name for[message_box.xml] returns [message_box.xml]
[16-9] get_xml_name for[message_box.xml] returns [message_box.xml]
[16-9] get_xml_name for[message_box.xml] returns [message_box.xml]
[16-9] get_xml_name for[message_box.xml] returns [message_box.xml]
[16-9] get_xml_name for[game_tutorials.xml] returns [game_tutorials_16.xml]
[16-9] get_xml_name for[ui_credits.xml] returns [ui_credits.xml]
[16-9] get_xml_name for[ui_movies.xml] returns [ui_movies.xml]
[16-9] get_xml_name for[ui_mm_main.xml] returns [ui_mm_main.xml]
[16-9] get_xml_name for[scroll_bar.xml] returns [scroll_bar.xml]
* DVB created: 1536K
* DIB created: 512K
- r__tf_aniso 16
- r2_tf_mipbias 0.
* GPU shading: vs(fffe0300/3.0/30), ps(ffff0300/3.0/30)
* GPU vertex cache: recognized, 32
*** RESET [628 ms]
binaries\xrengine.exe 
* phase time: 0 ms
* phase cmem: 78390 K
Кэширование объектов...
Loading objects...
Loading models...
* [prefetch] time:    14280 ms
* [prefetch] memory:  420974Kb
* phase time: 14333 ms
* phase cmem: 492925 K
Сервер: Старт...
* phase time: 114 ms
* phase cmem: 493132 K
Сервер: Загрузка симуляции жизни...
* phase time: 14 ms
* phase cmem: 493132 K
Создание новой игры...
* Creating new game...
* Loading spawn registry...
* 8641 spawn points are successfully loaded
* Saving spawns...
* Saving objects...
* 17157 objects are successfully saved
* Game all.sav is successfully saved to file 'd:\engine\sovahiblack-engine\game\appdata\savedgames\all.sav'
* New game is successfully created!
* phase time: 4145 ms
* phase cmem: 523626 K
Сервер: Соединяемся...
MaxPlayers = 32
* phase time: 41 ms
* phase cmem: 523709 K
Клиент: Соединение с localhost...
# Player not found. New player created.
* client : connection accepted - <>
* phase time: 17 ms
* phase cmem: 523734 K
Открытие потока...
* phase time: 20 ms
* phase cmem: 523734 K
Загрузка формы объектов...
* phase time: 3343 ms
* phase cmem: 596406 K
Загрузка шейдеров...
* phase time: 321 ms
* phase cmem: 597832 K
Загрузка геометрии...
* [Loading VB] 65532 verts, 2047 Kb
* [Loading VB] 65525 verts, 2047 Kb
* [Loading VB] 65535 verts, 2047 Kb
* [Loading VB] 65466 verts, 2045 Kb
* [Loading VB] 17208 verts, 537 Kb
* [Loading VB] 65533 verts, 2047 Kb
* [Loading VB] 65534 verts, 2047 Kb
* [Loading VB] 65534 verts, 2047 Kb
* [Loading VB] 65531 verts, 2047 Kb
* [Loading VB] 65535 verts, 2047 Kb
* [Loading VB] 65535 verts, 2047 Kb
* [Loading VB] 46595 verts, 1456 Kb
* [Loading VB] 65534 verts, 2047 Kb
* [Loading VB] 65533 verts, 2047 Kb
* [Loading VB] 65535 verts, 2047 Kb
* [Loading VB] 65532 verts, 2047 Kb
* [Loading VB] 65533 verts, 2047 Kb
* [Loading VB] 65533 verts, 2047 Kb
* [Loading VB] 53181 verts, 1661 Kb
* [Loading IB] 1048575 indices, 2047 Kb
* [Loading IB] 1048572 indices, 2047 Kb
* [Loading IB] 1048572 indices, 2047 Kb
* [Loading IB] 1048572 indices, 2047 Kb
* [Loading IB] 1048572 indices, 2047 Kb
* [Loading IB] 1048572 indices, 2047 Kb
* [Loading IB] 1048575 indices, 2047 Kb
* [Loading IB] 1048572 indices, 2047 Kb
* [Loading IB] 1048575 indices, 2047 Kb
* [Loading IB] 228285 indices, 445 Kb
* [Loading VB] 65533 verts, 767 Kb
* [Loading VB] 65534 verts, 767 Kb
* [Loading VB] 65534 verts, 767 Kb
* [Loading VB] 65535 verts, 767 Kb
* [Loading VB] 65535 verts, 767 Kb
* [Loading VB] 65534 verts, 767 Kb
* [Loading VB] 65535 verts, 767 Kb
* [Loading VB] 14030 verts, 164 Kb
* [Loading IB] 1048575 indices, 2047 Kb
* [Loading IB] 1048575 indices, 2047 Kb
* [Loading IB] 1048575 indices, 2047 Kb
* [Loading IB] 718302 indices, 1402 Kb
* phase time: 640 ms
* phase cmem: 666605 K
Загрузка базы пространств...
* phase time: 1243 ms
* phase cmem: 671005 K
Загрузка детальных объектов...
* [DETAILS] VertexConsts(256), Batch(61)
* [DETAILS] 40687 v(20), 26352 p
* [DETAILS] Batch(61), VB(794K), IB(154K)
* phase time: 96 ms
* phase cmem: 671997 K
Загрузка секторов и порталов...
* Loading HOM: d:\engine\sovahiblack-engine\game\resourcesogsm2.4.3\levels\l01_escape\level.hom
* phase time: 31 ms
* phase cmem: 672187 K
Загрузка ИИ объектов...
- Loading music tracks from 'l01_escape_musics'...
* phase time: 181 ms
* phase cmem: 672226 K
Клиент: Создание...
- Game configuring : Started 
- Game configuring : Finished 
[16-9] get_xml_name for[maingame.xml] returns [maingame_16.xml]
[16-9] get_xml_name for[zone_map.xml] returns [zone_map_16.xml]
[16-9] get_xml_name for[scroll_bar.xml] returns [scroll_bar.xml]
[16-9] get_xml_name for[car_panel.xml] returns [car_panel_16.xml]
[16-9] get_xml_name for[motion_icon.xml] returns [motion_icon_16.xml]
[16-9] get_xml_name for[messages_window.xml] returns [messages_window.xml]
[16-9] get_xml_name for[scroll_bar.xml] returns [scroll_bar.xml]
[16-9] get_xml_name for[ui_custom_msgs.xml] returns [ui_custom_msgs.xml]
[16-9] get_xml_name for[scroll_bar.xml] returns [scroll_bar.xml]
[16-9] get_xml_name for[inventory_new.xml] returns [inventory_new_16.xml]
[16-9] get_xml_name for[inventory_item.xml] returns [inventory_item_16.xml]
[16-9] get_xml_name for[af_params_16.xml] returns [af_params_16.xml]
[16-9] get_xml_name for[scroll_bar.xml] returns [scroll_bar.xml]
[16-9] get_xml_name for[scroll_bar.xml] returns [scroll_bar.xml]
[16-9] get_xml_name for[scroll_bar.xml] returns [scroll_bar.xml]
[16-9] get_xml_name for[scroll_bar.xml] returns [scroll_bar.xml]
[16-9] get_xml_name for[scroll_bar.xml] returns [scroll_bar.xml]
[16-9] get_xml_name for[scroll_bar.xml] returns [scroll_bar.xml]
[16-9] get_xml_name for[scroll_bar.xml] returns [scroll_bar.xml]
[16-9] get_xml_name for[inventory_new.xml] returns [inventory_new_16.xml]
[16-9] get_xml_name for[scroll_bar.xml] returns [scroll_bar.xml]
[16-9] get_xml_name for[pda.xml] returns [pda_16.xml]
[16-9] get_xml_name for[pda_map.xml] returns [pda_map.xml]
[16-9] get_xml_name for[scroll_bar.xml] returns [scroll_bar.xml]
[16-9] get_xml_name for[scroll_bar.xml] returns [scroll_bar.xml]
[16-9] get_xml_name for[hint_item.xml] returns [hint_item.xml]
[16-9] get_xml_name for[pda_contacts_new.xml] returns [pda_contacts_new.xml]
[16-9] get_xml_name for[scroll_bar.xml] returns [scroll_bar.xml]
[16-9] get_xml_name for[scroll_bar.xml] returns [scroll_bar.xml]
[16-9] get_xml_name for[events_new.xml] returns [events_new.xml]
[16-9] get_xml_name for[scroll_bar.xml] returns [scroll_bar.xml]
[16-9] get_xml_name for[news.xml] returns [news.xml]
[16-9] get_xml_name for[scroll_bar.xml] returns [scroll_bar.xml]
[16-9] get_xml_name for[scroll_bar.xml] returns [scroll_bar.xml]
[16-9] get_xml_name for[encyclopedia.xml] returns [encyclopedia.xml]
[16-9] get_xml_name for[scroll_bar.xml] returns [scroll_bar.xml]
[16-9] get_xml_name for[scroll_bar.xml] returns [scroll_bar.xml]
[16-9] get_xml_name for[actor_statistic.xml] returns [actor_statistic.xml]
[16-9] get_xml_name for[scroll_bar.xml] returns [scroll_bar.xml]
[16-9] get_xml_name for[scroll_bar.xml] returns [scroll_bar.xml]
[16-9] get_xml_name for[pda_dialog_character.xml] returns [pda_dialog_character_16.xml]
[16-9] get_xml_name for[stalkers_ranking.xml] returns [stalkers_ranking.xml]
[16-9] get_xml_name for[scroll_bar.xml] returns [scroll_bar.xml]
[16-9] get_xml_name for[stalkers_ranking_character.xml] returns [stalkers_ranking_character_16.xml]
[16-9] get_xml_name for[pda_events.xml] returns [pda_events.xml]
[16-9] get_xml_name for[pda_events.xml] returns [pda_events.xml]
[16-9] get_xml_name for[scroll_bar.xml] returns [scroll_bar.xml]
[16-9] get_xml_name for[scroll_bar.xml] returns [scroll_bar.xml]
[16-9] get_xml_name for[hint_item.xml] returns [hint_item.xml]
[16-9] get_xml_name for[scroll_bar.xml] returns [scroll_bar.xml]
[16-9] get_xml_name for[scroll_bar.xml] returns [scroll_bar.xml]
[16-9] get_xml_name for[job_item.xml] returns [job_item.xml]
[16-9] get_xml_name for[talk.xml] returns [talk_16.xml]
[16-9] get_xml_name for[trade_character.xml] returns [trade_character_16.xml]
[16-9] get_xml_name for[trade_character.xml] returns [trade_character_16.xml]
[16-9] get_xml_name for[scroll_bar.xml] returns [scroll_bar.xml]
[16-9] get_xml_name for[scroll_bar.xml] returns [scroll_bar.xml]
[16-9] get_xml_name for[trade.xml] returns [trade_16.xml]
[16-9] get_xml_name for[trade_character.xml] returns [trade_character_16.xml]
[16-9] get_xml_name for[trade_character.xml] returns [trade_character_16.xml]
[16-9] get_xml_name for[scroll_bar.xml] returns [scroll_bar.xml]
[16-9] get_xml_name for[scroll_bar.xml] returns [scroll_bar.xml]
[16-9] get_xml_name for[scroll_bar.xml] returns [scroll_bar.xml]
[16-9] get_xml_name for[scroll_bar.xml] returns [scroll_bar.xml]
[16-9] get_xml_name for[trade_item.xml] returns [trade_item_16.xml]
[16-9] get_xml_name for[af_params_16.xml] returns [af_params_16.xml]
[16-9] get_xml_name for[scroll_bar.xml] returns [scroll_bar.xml]
[16-9] get_xml_name for[carbody_new.xml] returns [carbody_new_16.xml]
[16-9] get_xml_name for[trade_character.xml] returns [trade_character_16.xml]
[16-9] get_xml_name for[trade_character.xml] returns [trade_character_16.xml]
[16-9] get_xml_name for[scroll_bar.xml] returns [scroll_bar.xml]
[16-9] get_xml_name for[scroll_bar.xml] returns [scroll_bar.xml]
[16-9] get_xml_name for[carbody_item.xml] returns [carbody_item_16.xml]
[16-9] get_xml_name for[af_params_16.xml] returns [af_params_16.xml]
[16-9] get_xml_name for[scroll_bar.xml] returns [scroll_bar.xml]
[16-9] get_xml_name for[scroll_bar.xml] returns [scroll_bar.xml]
[16-9] get_xml_name for[inventory_new.xml] returns [inventory_new_16.xml]
[16-9] get_xml_name for[scroll_bar.xml] returns [scroll_bar.xml]
[16-9] get_xml_name for[message_box.xml] returns [message_box.xml]
* phase time: 339 ms
* phase cmem: 680333 K
Загрузка текстур...
* t-report - base: 1447, 567911 K
* t-report - lmap: 5, 5120 K
* phase time: 6180 ms
* phase cmem: 978244 K
Клиент: Синхронизация...
* phase time: 37 ms
* phase cmem: 978244 K
* [win32]: free[2845668 K], reserved[98296 K], committed[1250276 K]
* [ D3D ]: textures[573032 K]
* [x-ray]: crt heap[978244 K], process heap[978244 K], game lua[28565 K], engine lua[215 K], render[0 K]
* [x-ray]: economy: strings[4670 K], smem[15587 K]
 
FATAL ERROR
 
[error]Expression    : strchr(str,']')
[error]Function      : CInifile::Load
[error]File          : D:\Engine\SovaHiBlack-Engine\Sources\xrCore\Xr_ini.cpp
[error]Line          : 181
[error]Description   : Bad ini section found: 
[error]Arguments     : [trader
 

stack trace:

0023:7078ABDC xrCore.dll, CInifile::Load(), D:\Engine\SovaHiBlack-Engine\Sources\xrCore\Xr_ini.cpp, 182
0023:7078AA95 xrCore.dll, CInifile::Load(), D:\Engine\SovaHiBlack-Engine\Sources\xrCore\Xr_ini.cpp, 168
0023:7078A599 xrCore.dll, CInifile::CInifile(), D:\Engine\SovaHiBlack-Engine\Sources\xrCore\Xr_ini.cpp, 97
0023:6EE423F2 xrGame.dll, luabind::detail::constructor_helper<1>::execute<CScriptIniFile,luabind::detail::null_type,char const *,luabind::detail::null_type,luabind::detail::null_type,luabind::detail::null_type,luabind::detail::null_type,luabind::detail::null_type,luabind::detail::null_type,luabind::detail::null_type,luabind::detail::null_type,luabind::detail::null_type>(), D:\Engine\SovaHiBlack-Engine\Sources\xrLua\Luabind\luabind\detail\constructor.hpp, 113
0023:6EE4231F xrGame.dll, luabind::detail::construct_class<CScriptIniFile,luabind::detail::null_type,luabind::constructor<char const *,luabind::detail::null_type,luabind::detail::null_type,luabind::detail::null_type,luabind::detail::null_type,luabind::detail::null_type,luabind::detail::null_type,luabind::detail::null_type,luabind::detail::null_type,luabind::detail::null_type> >::apply(), D:\Engine\SovaHiBlack-Engine\Sources\xrLua\Luabind\luabind\detail\constructor.hpp, 61
0023:70C21795 xrLua.dll, luabind::detail::class_rep::constructor_dispatcher(), D:\Engine\SovaHiBlack-Engine\Sources\xrLua\Luabind\src\class_rep.cpp, 550
