* Detected CPU: GenuineIntel P3 family, F6/M10/S4, 2495.00 mhz, 17-clk 'rdtsc'
* CPU Features: RDTSC, MMX, SSE, SSE2

Initializing File System...
using fs-ltx fsgame.ltx
FS: 30120 files cached, 4922Kb memory used.
Init FileSystem 0.852557 sec
'X-Ray Engine' build 9848, Jan 24 2026

Initializing Engine...
Executing config-script "user.ltx"...
[d:\sovahiblack-engine\game\appdata\user.ltx] successfully loaded.
Starting INPUT device...
Loading DLL: xrRender_R2.dll
Loading DLL: xrGame.dll
! Unable to find Software\GSC Game World\STALKER-SHOC\ in registry
* [win32]: free[4045920 K], reserved[60432 K], committed[87888 K]
* [ D3D ]: textures[0 K]
* [x-ray]: crt heap[9197 K], process heap[9197 K], game lua[0 K], engine lua[0 K], render[0 K]
* [x-ray]: economy: strings[1942 K], smem[0 K]
Executing config-script "d:\sovahiblack-engine\game\resourcesogsm2.4.3\config\default_controls.ltx"...
! cant convert dik_name for dik[144], prop=[
[d:\sovahiblack-engine\game\resourcesogsm2.4.3\config\default_controls.ltx] successfully loaded.
Executing config-script "user.ltx"...
Executing config-script "d:\sovahiblack-engine\game\resourcesogsm2.4.3\config\rspec_extreme.ltx"...
! Unknown command:  r__dtex_range
! Unknown command:  r__ssa_glod_end
! Unknown command:  r__ssa_glod_start
! Unknown command:  r__wallmark_ttl
! Unknown command:  rs_detail
! Unknown command:  rs_skeleton_update
! Unknown command:  vid_bpp
[d:\sovahiblack-engine\game\resourcesogsm2.4.3\config\rspec_extreme.ltx] successfully loaded.
Executing config-script "d:\sovahiblack-engine\game\resourcesogsm2.4.3\config\default_controls.ltx"...
[d:\sovahiblack-engine\game\resourcesogsm2.4.3\config\default_controls.ltx] successfully loaded.
[d:\sovahiblack-engine\game\appdata\user.ltx] successfully loaded.
SOUND: OpenAL: enumerate devices...
SOUND: OpenAL: EnumerationExtension Present
devices Generic Software
SOUND: OpenAL: system  default SndDevice name is Generic Software
SOUND: OpenAL: All available devices:
1. Generic Software, Spec Version 1.1 (default)
SOUND: OpenAL: SelectBestDevice is Generic Software 1.1
SOUND: OpenAL: Required device: Generic Software. Created device: Generic Software.
* sound: EAX 2.0 extension: absent
* sound: EAX 2.0 deferred: absent
* sound : cache: 32773 kb, 3805 lines, 8820 bpl
Starting RENDER device...
* GPU [vendor:8086]-[device:46A8]: Intel(R) Iris(R) Xe Graphics
* GPU driver: 32.0.101.6299
* CREATE: DeviceREF: 1
* Vertex Processor: PURE HARDWARE
*     Texture memory: 4067 M
*          DDI-level: 9.0
* GPU shading: vs(fffe0300/3.0/30), ps(ffff0300/3.0/30)
* GPU vertex cache: unrecognized, 16
* DVB created: 1536K
* DIB created: 512K
! Version conflict in shader 'def_shaders\def_aref'
! Version conflict in shader 'def_shaders\def_aref_v'
! Version conflict in shader 'def_shaders\def_trans'
! Version conflict in shader 'def_shaders\def_trans_v'
! Version conflict in shader 'def_shaders\def_trans_v_tuchi'
! Version conflict in shader 'def_shaders\lod_old'
! Renderer doesn't support blender 'effects\shadow_world'
! Version conflict in shader 'effects\watertest-1'
count of .thm files=6
load time=45 ms
* NULLRT supported
* ...and used
* HWDST/PCF supported and used
- r__tf_aniso 16
- r2_tf_mipbias 0.
Starting engine...
Loading DLL: xrGameSpy.dll
* DVB created: 1536K
* DIB created: 512K
- r__tf_aniso 16
- r2_tf_mipbias 0.
* GPU shading: vs(fffe0300/3.0/30), ps(ffff0300/3.0/30)
* GPU vertex cache: unrecognized, 16
*** RESET [206 ms]
binaries\xrengine.exe 
* phase time: 0 ms
* phase cmem: 105711 K
Кэширование объектов...
Loading objects...
Loading models...
* [prefetch] time:    3279 ms
* [prefetch] memory:  429300Kb
* phase time: 3303 ms
* phase cmem: 528613 K
Сервер: Старт...
* phase time: 29 ms
* phase cmem: 528838 K
Сервер: Загрузка симуляции жизни...
* phase time: 10 ms
* phase cmem: 528838 K
Создание новой игры...
* Creating new game...
* Loading spawn registry...
* 8641 spawn points are successfully loaded
* Saving spawns...
* Saving objects...
* 15538 objects are successfully saved
* Game all.sav is successfully saved to file 'd:\sovahiblack-engine\game\appdata\savedgames\all.sav'
* New game is successfully created!
* phase time: 1273 ms
* phase cmem: 558563 K
Сервер: Соединяемся...
MaxPlayers = 32
* phase time: 15 ms
* phase cmem: 558664 K
Клиент: Соединение с localhost...
# Player not found. New player created.
* client : connection accepted - <>
* phase time: 11 ms
* phase cmem: 558688 K
Открытие потока...
* phase time: 10 ms
* phase cmem: 558688 K
Загрузка формы объектов...
* phase time: 1232 ms
* phase cmem: 631356 K
Загрузка шейдеров...
* phase time: 132 ms
* phase cmem: 632875 K
Загрузка геометрии...
* [Loading VB] 65532 verts, 2047 Kb
* [Loading VB] 65525 verts, 2047 Kb
* [Loading VB] 65535 verts, 2047 Kb
* [Loading VB] 65466 verts, 2045 Kb
* [Loading VB] 17208 verts, 537 Kb
* [Loading VB] 65533 verts, 2047 Kb
* [Loading VB] 65534 verts, 2047 Kb
* [Loading VB] 65534 verts, 2047 Kb
* [Loading VB] 65531 verts, 2047 Kb
* [Loading VB] 65535 verts, 2047 Kb
* [Loading VB] 65535 verts, 2047 Kb
* [Loading VB] 46595 verts, 1456 Kb
* [Loading VB] 65534 verts, 2047 Kb
* [Loading VB] 65533 verts, 2047 Kb
* [Loading VB] 65535 verts, 2047 Kb
* [Loading VB] 65532 verts, 2047 Kb
* [Loading VB] 65533 verts, 2047 Kb
* [Loading VB] 65533 verts, 2047 Kb
* [Loading VB] 53181 verts, 1661 Kb
* [Loading IB] 1048575 indices, 2047 Kb
* [Loading IB] 1048572 indices, 2047 Kb
* [Loading IB] 1048572 indices, 2047 Kb
* [Loading IB] 1048572 indices, 2047 Kb
* [Loading IB] 1048572 indices, 2047 Kb
* [Loading IB] 1048572 indices, 2047 Kb
* [Loading IB] 1048575 indices, 2047 Kb
* [Loading IB] 1048572 indices, 2047 Kb
* [Loading IB] 1048575 indices, 2047 Kb
* [Loading IB] 228285 indices, 445 Kb
* [Loading VB] 65533 verts, 767 Kb
* [Loading VB] 65534 verts, 767 Kb
* [Loading VB] 65534 verts, 767 Kb
* [Loading VB] 65535 verts, 767 Kb
* [Loading VB] 65535 verts, 767 Kb
* [Loading VB] 65534 verts, 767 Kb
* [Loading VB] 65535 verts, 767 Kb
* [Loading VB] 14030 verts, 164 Kb
* [Loading IB] 1048575 indices, 2047 Kb
* [Loading IB] 1048575 indices, 2047 Kb
* [Loading IB] 1048575 indices, 2047 Kb
* [Loading IB] 718302 indices, 1402 Kb
* phase time: 226 ms
* phase cmem: 701813 K
Загрузка базы пространств...
* phase time: 337 ms
* phase cmem: 706266 K
Загрузка детальных объектов...
* [DETAILS] VertexConsts(256), Batch(61)
* [DETAILS] 40687 v(20), 26352 p
* [DETAILS] Batch(61), VB(794K), IB(154K)
* phase time: 26 ms
* phase cmem: 707274 K
Загрузка секторов и порталов...
* Loading HOM: d:\sovahiblack-engine\game\resourcesogsm2.4.3\levels\l01_escape\level.hom
* phase time: 12 ms
* phase cmem: 707463 K
Загрузка ИИ объектов...
- Loading music tracks from 'l01_escape_musics'...
* phase time: 21 ms
* phase cmem: 707502 K
Клиент: Создание...
- Game configuring : Started 
- Game configuring : Finished 
* phase time: 87 ms
* phase cmem: 715224 K
Загрузка текстур...
* t-report - base: 1448, 567927 K
* t-report - lmap: 5, 5120 K
* phase time: 1649 ms
* phase cmem: 1014769 K
Клиент: Синхронизация...
* phase time: 18 ms
* phase cmem: 1014769 K
* [win32]: free[2507516 K], reserved[156968 K], committed[1529756 K]
* [ D3D ]: textures[573048 K]
* [x-ray]: crt heap[1014769 K], process heap[1014769 K], game lua[28561 K], engine lua[130 K], render[0 K]
* [x-ray]: economy: strings[4497 K], smem[15587 K]
Intro start 20565
* MEMORY USAGE: 1062094 K
- Disconnect
- Destroying level
DestroySingleton::RefCounter: 0
DestroySingleton::RefCounter: 0
DestroySingleton::RefCounter: 0
DestroySingleton::RefCounter: 0
DestroySingleton::RefCounter: 0
Input:  1
Config-file [d:\sovahiblack-engine\game\appdata\user.ltx] saved successfully
Destroying Direct3D...
stack trace:

0023:741711E6 DINPUT8.dll, GetdfDIJoystick()
0023:74171FD7 DINPUT8.dll, GetdfDIJoystick()
0023:7416B20F DINPUT8.dll, DirectInput8Create()
0023:74171AEC DINPUT8.dll, GetdfDIJoystick()
0023:750C5D49 KERNEL32.DLL, BaseThreadInitThunk()
0023:76F7CEBB ntdll.dll, RtlInitializeExceptionChain()
0023:76F7CE41 ntdll.dll, RtlGetAppContainerNamedObjectPath()
 
[error][    1400]    : Недопустимый дескриптор окна.

