* Detected CPU: GenuineIntel P3 family, F6/M10/S9, 2693.00 mhz, 27-clk 'rdtsc'
* CPU Features: RDTSC, MMX, SSE, SSE2

Initializing File System...
using fs-ltx fsgame.ltx
FS: 30123 files cached, 5158Kb memory used.
Init FileSystem 5.225793 sec
'X-Ray Engine' build 9752, Oct 20 2025

Initializing Engine...
Executing config-script "user.ltx"...
[d:\engine\sovahiblack-engine\game\appdata\user.ltx] successfully loaded.
Starting INPUT device...
Loading DLL: xrRender_R2.dll
Loading DLL: xrGame.dll
! Unable to find Software\GSC Game World\STALKER-SHOC\ in registry
* [win32]: free[4037012 K], reserved[60104 K], committed[97124 K]
* [ D3D ]: textures[0 K]
* [x-ray]: crt heap[9405 K], process heap[9405 K], game lua[0 K], engine lua[0 K], render[0 K]
* [x-ray]: economy: strings[2021 K], smem[0 K]
Executing config-script "d:\engine\sovahiblack-engine\game\resourcesogsm2.4.3\config\default_controls.ltx"...
! cant convert dik_name for dik[144], prop=[
[d:\engine\sovahiblack-engine\game\resourcesogsm2.4.3\config\default_controls.ltx] successfully loaded.
Executing config-script "user.ltx"...
Executing config-script "d:\engine\sovahiblack-engine\game\resourcesogsm2.4.3\config\rspec_extreme.ltx"...
! Unknown command:  r__dtex_range
! Unknown command:  r__ssa_glod_end
! Unknown command:  r__ssa_glod_start
! Unknown command:  r__wallmark_ttl
! Unknown command:  rs_detail
! Unknown command:  rs_skeleton_update
! Unknown command:  vid_bpp
[d:\engine\sovahiblack-engine\game\resourcesogsm2.4.3\config\rspec_extreme.ltx] successfully loaded.
Executing config-script "d:\engine\sovahiblack-engine\game\resourcesogsm2.4.3\config\default_controls.ltx"...
[d:\engine\sovahiblack-engine\game\resourcesogsm2.4.3\config\default_controls.ltx] successfully loaded.
[d:\engine\sovahiblack-engine\game\appdata\user.ltx] successfully loaded.
SOUND: OpenAL: enumerate devices...
SOUND: OpenAL: EnumerationExtension Present
devices Generic Software
SOUND: OpenAL: system  default SndDevice name is Generic Software
SOUND: OpenAL: All available devices:
1. Generic Software, Spec Version 1.1 (default)
SOUND: OpenAL: SelectBestDevice is Generic Software 1.1
SOUND: OpenAL: Required device: Generic Software. Created device: Generic Software.
* sound: EAX 2.0 extension: absent
* sound: EAX 2.0 deferred: absent
* sound : cache: 32773 kb, 3805 lines, 8820 bpl
Starting RENDER device...
* GPU [vendor:8086]-[device:152]: Intel(R) HD Graphics
* GPU driver: 10.18.10.4252
* CREATE: DeviceREF: 1
* Vertex Processor: PURE HARDWARE
*     Texture memory: 1786 M
*          DDI-level: 9.0
* GPU shading: vs(fffe0300/3.0/30), ps(ffff0300/3.0/30)
* GPU vertex cache: recognized, 32
* DVB created: 1536K
* DIB created: 512K
! Version conflict in shader 'def_shaders\def_aref'
! Version conflict in shader 'def_shaders\def_aref_v'
! Version conflict in shader 'def_shaders\def_trans'
! Version conflict in shader 'def_shaders\def_trans_v'
! Version conflict in shader 'def_shaders\def_trans_v_tuchi'
! Version conflict in shader 'def_shaders\lod_old'
! Renderer doesn't support blender 'effects\shadow_world'
! Version conflict in shader 'effects\watertest-1'
count of .thm files=6
load time=100 ms
* NULLRT supported
* ...and used
* HWDST/PCF supported and used
- r__tf_aniso 16
- r2_tf_mipbias 0.
Starting engine...
Loading DLL: xrGameSpy.dll
* DVB created: 1536K
* DIB created: 512K
- r__tf_aniso 16
- r2_tf_mipbias 0.
* GPU shading: vs(fffe0300/3.0/30), ps(ffff0300/3.0/30)
* GPU vertex cache: recognized, 32
*** RESET [0 ms]
* MEMORY USAGE: 87577 K
* DVB created: 1536K
* DIB created: 512K
- r__tf_aniso 16
- r2_tf_mipbias 0.
* GPU shading: vs(fffe0300/3.0/30), ps(ffff0300/3.0/30)
* GPU vertex cache: recognized, 32
*** RESET [519 ms]
binaries\xrengine.exe 
* phase time: 0 ms
* phase cmem: 88802 K
Кэширование объектов...
Loading objects...
Loading models...
* [prefetch] time:    16004 ms
* [prefetch] memory:  419936Kb
* phase time: 16083 ms
* phase cmem: 502307 K
Сервер: Старт...
* phase time: 92 ms
* phase cmem: 493457 K
Сервер: Загрузка симуляции жизни...
* phase time: 14 ms
* phase cmem: 493457 K
Создание новой игры...
* Creating new game...
* Loading spawn registry...
* 8641 spawn points are successfully loaded
* Saving spawns...
* Saving objects...
* 17086 objects are successfully saved
* Game all.sav is successfully saved to file 'd:\engine\sovahiblack-engine\game\appdata\savedgames\all.sav'
* New game is successfully created!
* phase time: 3954 ms
* phase cmem: 523871 K
Сервер: Соединяемся...
MaxPlayers = 32
* phase time: 49 ms
* phase cmem: 523953 K
Клиент: Соединение с localhost...
# Player not found. New player created.
* client : connection accepted - <>
* phase time: 25 ms
* phase cmem: 523978 K
Открытие потока...
* phase time: 29 ms
* phase cmem: 523978 K
Загрузка формы объектов...
* phase time: 3280 ms
* phase cmem: 596662 K
Загрузка шейдеров...
* phase time: 302 ms
* phase cmem: 598040 K
Загрузка геометрии...
* [Loading VB] 65532 verts, 2047 Kb
* [Loading VB] 65525 verts, 2047 Kb
* [Loading VB] 65535 verts, 2047 Kb
* [Loading VB] 65466 verts, 2045 Kb
* [Loading VB] 17208 verts, 537 Kb
* [Loading VB] 65533 verts, 2047 Kb
* [Loading VB] 65534 verts, 2047 Kb
* [Loading VB] 65534 verts, 2047 Kb
* [Loading VB] 65531 verts, 2047 Kb
* [Loading VB] 65535 verts, 2047 Kb
* [Loading VB] 65535 verts, 2047 Kb
* [Loading VB] 46595 verts, 1456 Kb
* [Loading VB] 65534 verts, 2047 Kb
* [Loading VB] 65533 verts, 2047 Kb
* [Loading VB] 65535 verts, 2047 Kb
* [Loading VB] 65532 verts, 2047 Kb
* [Loading VB] 65533 verts, 2047 Kb
* [Loading VB] 65533 verts, 2047 Kb
* [Loading VB] 53181 verts, 1661 Kb
* [Loading IB] 1048575 indices, 2047 Kb
* [Loading IB] 1048572 indices, 2047 Kb
* [Loading IB] 1048572 indices, 2047 Kb
* [Loading IB] 1048572 indices, 2047 Kb
* [Loading IB] 1048572 indices, 2047 Kb
* [Loading IB] 1048572 indices, 2047 Kb
* [Loading IB] 1048575 indices, 2047 Kb
* [Loading IB] 1048572 indices, 2047 Kb
* [Loading IB] 1048575 indices, 2047 Kb
* [Loading IB] 228285 indices, 445 Kb
* [Loading VB] 65533 verts, 767 Kb
* [Loading VB] 65534 verts, 767 Kb
* [Loading VB] 65534 verts, 767 Kb
* [Loading VB] 65535 verts, 767 Kb
* [Loading VB] 65535 verts, 767 Kb
* [Loading VB] 65534 verts, 767 Kb
* [Loading VB] 65535 verts, 767 Kb
* [Loading VB] 14030 verts, 164 Kb
* [Loading IB] 1048575 indices, 2047 Kb
* [Loading IB] 1048575 indices, 2047 Kb
* [Loading IB] 1048575 indices, 2047 Kb
* [Loading IB] 718302 indices, 1402 Kb
* phase time: 573 ms
* phase cmem: 666829 K
Загрузка базы пространств...
* phase time: 1027 ms
* phase cmem: 671245 K
Загрузка детальных объектов...
* [DETAILS] VertexConsts(256), Batch(61)
* [DETAILS] 40687 v(20), 26352 p
* [DETAILS] Batch(61), VB(794K), IB(154K)
* phase time: 87 ms
* phase cmem: 672237 K
Загрузка секторов и порталов...
* Loading HOM: d:\engine\sovahiblack-engine\game\resourcesogsm2.4.3\levels\l01_escape\level.hom
* phase time: 31 ms
* phase cmem: 672426 K
Загрузка ИИ объектов...
- Loading music tracks from 'l01_escape_musics'...
* phase time: 164 ms
* phase cmem: 672467 K
Клиент: Создание...
- Game configuring : Started 
- Game configuring : Finished 
[16-9] get_xml_name for[maingame.xml] returns [maingame_16.xml]
[16-9] get_xml_name for[zone_map.xml] returns [zone_map_16.xml]
[16-9] get_xml_name for[scroll_bar.xml] returns [scroll_bar.xml]
[16-9] get_xml_name for[car_panel.xml] returns [car_panel_16.xml]
[16-9] get_xml_name for[motion_icon.xml] returns [motion_icon_16.xml]
[16-9] get_xml_name for[messages_window.xml] returns [messages_window.xml]
[16-9] get_xml_name for[scroll_bar.xml] returns [scroll_bar.xml]
[16-9] get_xml_name for[ui_custom_msgs.xml] returns [ui_custom_msgs.xml]
[16-9] get_xml_name for[scroll_bar.xml] returns [scroll_bar.xml]
[16-9] get_xml_name for[inventory_new.xml] returns [inventory_new_16.xml]
[16-9] get_xml_name for[inventory_item.xml] returns [inventory_item_16.xml]
[16-9] get_xml_name for[af_params_16.xml] returns [af_params_16.xml]
[16-9] get_xml_name for[scroll_bar.xml] returns [scroll_bar.xml]
[16-9] get_xml_name for[scroll_bar.xml] returns [scroll_bar.xml]
[16-9] get_xml_name for[scroll_bar.xml] returns [scroll_bar.xml]
[16-9] get_xml_name for[scroll_bar.xml] returns [scroll_bar.xml]
[16-9] get_xml_name for[scroll_bar.xml] returns [scroll_bar.xml]
[16-9] get_xml_name for[scroll_bar.xml] returns [scroll_bar.xml]
[16-9] get_xml_name for[scroll_bar.xml] returns [scroll_bar.xml]
[16-9] get_xml_name for[inventory_new.xml] returns [inventory_new_16.xml]
[16-9] get_xml_name for[scroll_bar.xml] returns [scroll_bar.xml]
[16-9] get_xml_name for[pda.xml] returns [pda_16.xml]
[16-9] get_xml_name for[pda_map.xml] returns [pda_map.xml]
[16-9] get_xml_name for[scroll_bar.xml] returns [scroll_bar.xml]
[16-9] get_xml_name for[scroll_bar.xml] returns [scroll_bar.xml]
[16-9] get_xml_name for[hint_item.xml] returns [hint_item.xml]
[16-9] get_xml_name for[pda_contacts_new.xml] returns [pda_contacts_new.xml]
[16-9] get_xml_name for[scroll_bar.xml] returns [scroll_bar.xml]
[16-9] get_xml_name for[scroll_bar.xml] returns [scroll_bar.xml]
[16-9] get_xml_name for[events_new.xml] returns [events_new.xml]
[16-9] get_xml_name for[scroll_bar.xml] returns [scroll_bar.xml]
[16-9] get_xml_name for[news.xml] returns [news.xml]
[16-9] get_xml_name for[scroll_bar.xml] returns [scroll_bar.xml]
[16-9] get_xml_name for[scroll_bar.xml] returns [scroll_bar.xml]
[16-9] get_xml_name for[encyclopedia.xml] returns [encyclopedia.xml]
[16-9] get_xml_name for[scroll_bar.xml] returns [scroll_bar.xml]
[16-9] get_xml_name for[scroll_bar.xml] returns [scroll_bar.xml]
[16-9] get_xml_name for[actor_statistic.xml] returns [actor_statistic.xml]
[16-9] get_xml_name for[scroll_bar.xml] returns [scroll_bar.xml]
[16-9] get_xml_name for[scroll_bar.xml] returns [scroll_bar.xml]
[16-9] get_xml_name for[pda_dialog_character.xml] returns [pda_dialog_character_16.xml]
[16-9] get_xml_name for[stalkers_ranking.xml] returns [stalkers_ranking.xml]
[16-9] get_xml_name for[scroll_bar.xml] returns [scroll_bar.xml]
[16-9] get_xml_name for[stalkers_ranking_character.xml] returns [stalkers_ranking_character_16.xml]
[16-9] get_xml_name for[pda_events.xml] returns [pda_events.xml]
[16-9] get_xml_name for[pda_events.xml] returns [pda_events.xml]
[16-9] get_xml_name for[scroll_bar.xml] returns [scroll_bar.xml]
[16-9] get_xml_name for[scroll_bar.xml] returns [scroll_bar.xml]
[16-9] get_xml_name for[hint_item.xml] returns [hint_item.xml]
[16-9] get_xml_name for[scroll_bar.xml] returns [scroll_bar.xml]
[16-9] get_xml_name for[scroll_bar.xml] returns [scroll_bar.xml]
[16-9] get_xml_name for[job_item.xml] returns [job_item.xml]
[16-9] get_xml_name for[talk.xml] returns [talk_16.xml]
[16-9] get_xml_name for[trade_character.xml] returns [trade_character_16.xml]
[16-9] get_xml_name for[trade_character.xml] returns [trade_character_16.xml]
[16-9] get_xml_name for[scroll_bar.xml] returns [scroll_bar.xml]
[16-9] get_xml_name for[scroll_bar.xml] returns [scroll_bar.xml]
[16-9] get_xml_name for[trade.xml] returns [trade_16.xml]
[16-9] get_xml_name for[trade_character.xml] returns [trade_character_16.xml]
[16-9] get_xml_name for[trade_character.xml] returns [trade_character_16.xml]
[16-9] get_xml_name for[scroll_bar.xml] returns [scroll_bar.xml]
[16-9] get_xml_name for[scroll_bar.xml] returns [scroll_bar.xml]
[16-9] get_xml_name for[scroll_bar.xml] returns [scroll_bar.xml]
[16-9] get_xml_name for[scroll_bar.xml] returns [scroll_bar.xml]
[16-9] get_xml_name for[trade_item.xml] returns [trade_item_16.xml]
[16-9] get_xml_name for[af_params_16.xml] returns [af_params_16.xml]
[16-9] get_xml_name for[scroll_bar.xml] returns [scroll_bar.xml]
[16-9] get_xml_name for[carbody_new.xml] returns [carbody_new_16.xml]
[16-9] get_xml_name for[trade_character.xml] returns [trade_character_16.xml]
[16-9] get_xml_name for[trade_character.xml] returns [trade_character_16.xml]
[16-9] get_xml_name for[scroll_bar.xml] returns [scroll_bar.xml]
[16-9] get_xml_name for[scroll_bar.xml] returns [scroll_bar.xml]
[16-9] get_xml_name for[carbody_item.xml] returns [carbody_item_16.xml]
[16-9] get_xml_name for[af_params_16.xml] returns [af_params_16.xml]
[16-9] get_xml_name for[scroll_bar.xml] returns [scroll_bar.xml]
[16-9] get_xml_name for[scroll_bar.xml] returns [scroll_bar.xml]
[16-9] get_xml_name for[inventory_new.xml] returns [inventory_new_16.xml]
[16-9] get_xml_name for[scroll_bar.xml] returns [scroll_bar.xml]
[16-9] get_xml_name for[message_box.xml] returns [message_box.xml]
* phase time: 327 ms
* phase cmem: 680473 K
Загрузка текстур...
* t-report - base: 1447, 567911 K
* t-report - lmap: 5, 5120 K
* phase time: 9056 ms
* phase cmem: 978388 K
Клиент: Синхронизация...
* phase time: 46 ms
* phase cmem: 978388 K
* [win32]: free[2839064 K], reserved[108736 K], committed[1246440 K]
* [ D3D ]: textures[573032 K]
* [x-ray]: crt heap[978388 K], process heap[978388 K], game lua[28562 K], engine lua[125 K], render[0 K]
* [x-ray]: economy: strings[4668 K], smem[15587 K]
[16-9] get_xml_name for[game_tutorials.xml] returns [game_tutorials_16.xml]
[16-9] get_xml_name for[ui_credits.xml] returns [ui_credits.xml]
[16-9] get_xml_name for[ui_movies.xml] returns [ui_movies.xml]
[16-9] get_xml_name for[map_spots.xml] returns [map_spots.xml]
[16-9] get_xml_name for[map_spots_escape.xml] returns [map_spots_escape.xml]
[16-9] get_xml_name for[map_spots_garbage.xml] returns [map_spots_garbage.xml]
[16-9] get_xml_name for[map_spots_agroprom.xml] returns [map_spots_agroprom.xml]
[16-9] get_xml_name for[map_spots_darkvalley.xml] returns [map_spots_darkvalley.xml]
[16-9] get_xml_name for[map_spots_bar.xml] returns [map_spots_bar.xml]
[16-9] get_xml_name for[map_spots_military.xml] returns [map_spots_military.xml]
[16-9] get_xml_name for[map_spots_radar.xml] returns [map_spots_radar.xml]
[16-9] get_xml_name for[map_spots_mp.xml] returns [map_spots_mp.xml]
[16-9] get_xml_name for[map_spots_relations.xml] returns [map_spots_relations.xml]
[16-9] get_xml_name for[map_spots_lchangers.xml] returns [map_spots_lchangers.xml]
[16-9] get_xml_name for[maingame_pda_msg.xml] returns [maingame_pda_msg.xml]
[16-9] get_xml_name for[game_tutorials.xml] returns [game_tutorials_16.xml]
[16-9] get_xml_name for[ui_credits.xml] returns [ui_credits.xml]
[16-9] get_xml_name for[ui_movies.xml] returns [ui_movies.xml]
Intro start 11953
* MEMORY USAGE: 1007011 K
[16-9] get_xml_name for[ui_mm_main.xml] returns [ui_mm_main.xml]
[16-9] get_xml_name for[scroll_bar.xml] returns [scroll_bar.xml]
[16-9] get_xml_name for[message_box.xml] returns [message_box.xml]
- Disconnect
- Destroying level
DestroySingleton::RefCounter: 0
DestroySingleton::RefCounter: 0
DestroySingleton::RefCounter: 0
DestroySingleton::RefCounter: 0
Input:  1
Config-file [d:\engine\sovahiblack-engine\game\appdata\user.ltx] saved successfully
Destroying Direct3D...
* RM_Dump: textures  : 0
* RM_Dump: rtargets  : 0
* RM_Dump: rtargetsc : 0
* RM_Dump: vs        : 0
* RM_Dump: ps        : 0
* RM_Dump: dcl       : 0
* RM_Dump: states    : 0
* RM_Dump: tex_list  : 0
* RM_Dump: matrices  : 0
* RM_Dump: lst_constants: 0
* RM_Dump: v_passes  : 0
* RM_Dump: v_elements: 0
* RM_Dump: v_shaders : 0
refCount:pBaseZB 1
refCount:pBaseRT 1
DeviceREF: 1
